../Core/Src/main.c:107:13:blink_led2_1hz_5s	2
../Core/Src/main.c:118:13:blink_led2_10hz_2s	2
../Core/Src/main.c:129:6:Task1	1
../Core/Src/main.c:140:6:Task2	1
../Core/Src/main.c:189:5:main	1
../Core/Src/main.c:310:6:SystemClock_Config	4
../Core/Src/main.c:370:6:PeriphCommonClock_Config	2
../Core/Src/main.c:397:13:MX_ADC1_Init	3
../Core/Src/main.c:455:13:MX_DFSDM1_Init	2
../Core/Src/main.c:493:13:MX_I2C1_Init	4
../Core/Src/main.c:541:13:MX_I2C2_Init	4
../Core/Src/main.c:589:13:MX_OCTOSPI1_Init	3
../Core/Src/main.c:637:13:MX_SPI1_Init	2
../Core/Src/main.c:677:13:MX_SPI3_Init	2
../Core/Src/main.c:717:13:MX_TIM2_Init	4
../Core/Src/main.c:762:13:MX_UART4_Init	5
../Core/Src/main.c:810:13:MX_USART1_UART_Init	5
../Core/Src/main.c:858:13:MX_USART2_UART_Init	5
../Core/Src/main.c:906:13:MX_USART3_UART_Init	5
../Core/Src/main.c:954:13:MX_USB_OTG_FS_USB_Init	1
../Core/Src/main.c:975:13:MX_GPIO_Init	1
../Core/Src/main.c:1115:6:HAL_TIM_PeriodElapsedCallback	2
../Core/Src/main.c:1123:6:HAL_GPIO_EXTI_Callback	2
../Core/Src/main.c:1139:6:StartDefaultTask	1
../Core/Src/main.c:1154:6:Error_Handler	1
